../Core/Src/nrf24l01.c:14:13:cs_high	8	static
../Core/Src/nrf24l01.c:19:13:cs_low	8	static
../Core/Src/nrf24l01.c:24:13:ce_high	8	static
../Core/Src/nrf24l01.c:29:13:ce_low	8	static
../Core/Src/nrf24l01.c:34:16:read_register	32	static
../Core/Src/nrf24l01.c:48:16:write_register	32	static
../Core/Src/nrf24l01.c:64:6:nrf24l01p_rx_init	16	static
../Core/Src/nrf24l01.c:86:6:nrf24l01p_tx_init	16	static
../Core/Src/nrf24l01.c:106:6:nrf24l01p_rx_receive	16	static
../Core/Src/nrf24l01.c:114:6:nrf24l01p_tx_transmit	16	static
../Core/Src/nrf24l01.c:119:6:nrf24l01p_tx_irq	16	static
../Core/Src/nrf24l01.c:140:6:nrf24l01p_reset	8	static
../Core/Src/nrf24l01.c:171:6:nrf24l01p_prx_mode	16	static
../Core/Src/nrf24l01.c:179:6:nrf24l01p_ptx_mode	16	static
../Core/Src/nrf24l01.c:187:9:nrf24l01p_read_rx_fifo	32	static
../Core/Src/nrf24l01.c:200:9:nrf24l01p_write_tx_fifo	32	static
../Core/Src/nrf24l01.c:213:6:nrf24l01p_flush_rx_fifo	24	static
../Core/Src/nrf24l01.c:223:6:nrf24l01p_flush_tx_fifo	24	static
../Core/Src/nrf24l01.c:233:9:nrf24l01p_get_status	24	static
../Core/Src/nrf24l01.c:245:9:nrf24l01p_get_fifo_status	8	static
../Core/Src/nrf24l01.c:250:6:nrf24l01p_rx_set_payload_widths	16	static
../Core/Src/nrf24l01.c:255:6:nrf24l01p_clear_rx_dr	16	static
../Core/Src/nrf24l01.c:263:6:nrf24l01p_clear_tx_ds	16	static
../Core/Src/nrf24l01.c:271:6:nrf24l01p_clear_max_rt	16	static
../Core/Src/nrf24l01.c:279:6:nrf24l01p_power_up	16	static
../Core/Src/nrf24l01.c:287:6:nrf24l01p_power_down	16	static
../Core/Src/nrf24l01.c:295:6:nrf24l01p_set_crc_length	24	static
../Core/Src/nrf24l01.c:314:6:nrf24l01p_set_address_widths	16	static
../Core/Src/nrf24l01.c:319:6:nrf24l01p_auto_retransmit_count	24	static
../Core/Src/nrf24l01.c:329:6:nrf24l01p_auto_retransmit_delay	24	static
../Core/Src/nrf24l01.c:339:6:nrf24l01p_set_rf_channel	24	static
../Core/Src/nrf24l01.c:345:6:nrf24l01p_set_rf_tx_output_power	24	static
../Core/Src/nrf24l01.c:353:6:nrf24l01p_set_rf_air_data_rate	24	static
